[actualmente.com.ar/index.html]
[actualmente.com.ar/xmlrpc.php]
[backblue.gif]
[fade.gif]
[index.html]
[actualmente.com.ar/wp-content/themes/flatsome/assets/js/flatsomede79.js]
[actualmente.com.ar/wp-content/themes/flatsome/assets/js/chunk.slider9369.js]
[actualmente.com.ar/wp-content/themes/flatsome/assets/js/chunk.popups9369.js]
[actualmente.com.ar/wp-content/themes/flatsome/assets/js/chunk.tooltips9369.js]
[actualmente.com.ar/wp-content/plugins/contact-form-7/includes/css/stylese2db.css]
[actualmente.com.ar/feed/index.html]
[actualmente.com.ar/comments/feed/index.html]
[actualmente.com.ar/wp-content/plugins/creame-whatsapp-me/public/css/joinchat.min9738.css]
[actualmente.com.ar/wp-content/themes/flatsome/assets/css/flatsome9369.css]
[actualmente.com.ar/wp-content/themes/flatsome/assets/css/icons/fl-icons4136.eot]
[actualmente.com.ar/wp-content/themes/flatsome/assets/css/icons/fl-icons.eot]
[actualmente.com.ar/wp-content/themes/flatsome/assets/css/icons/fl-icons4136.woff2]
[actualmente.com.ar/wp-content/themes/flatsome/assets/css/icons/fl-icons4136.ttf]
[actualmente.com.ar/wp-content/themes/flatsome/assets/css/icons/fl-icons4136.woff]
[actualmente.com.ar/wp-content/themes/flatsome/assets/css/icons/fl-icons4136.svg]
[actualmente.com.ar/wp-content/themes/flatsome-child/style6aec.css]
[actualmente.com.ar/wp-content/plugins/mailin/css/mailin-frontb6a4.css]
[actualmente.com.ar/wp-includes/js/jquery/jquery.minf43b.js]
[actualmente.com.ar/wp-includes/js/jquery/jquery-migrate.min5589.js]
[actualmente.com.ar/wp-content/plugins/mailin/js/mailin-front6784.js]
[actualmente.com.ar/wp-json/index.html]
[actualmente.com.ar/wp-json/wp/v2/pages/1680.json]
[actualmente.com.ar/xmlrpc0db0.php]
[actualmente.com.ar/wp-json/oembed/1.0/embed125a.json]
[actualmente.com.ar/wp-json/oembed/1.0/embed8810]
[actualmente.com.ar/wp-content/themes/flatsome-child/fonts/GothamRounded-Bold.woff2]
[actualmente.com.ar/wp-content/themes/flatsome-child/fonts/GothamRounded-Bold.woff]
[actualmente.com.ar/wp-content/themes/flatsome-child/fonts/GothamRounded-Bold.svg]
[actualmente.com.ar/wp-content/themes/flatsome-child/fonts/GothamRounded-Book.woff2]
[actualmente.com.ar/wp-content/themes/flatsome-child/fonts/GothamRounded-Book.woff]
[actualmente.com.ar/wp-content/themes/flatsome-child/fonts/GothamRounded-Book.svg]
[actualmente.com.ar/wp-content/themes/flatsome-child/fonts/GothamRounded-Light.woff2]
[actualmente.com.ar/wp-content/themes/flatsome-child/fonts/GothamRounded-Light.woff]
[actualmente.com.ar/wp-content/themes/flatsome-child/fonts/GothamRounded-Light.svg]
[actualmente.com.ar/wp-content/themes/flatsome-child/fonts/GothamRounded-Medium.woff2]
[actualmente.com.ar/wp-content/themes/flatsome-child/fonts/GothamRounded-Medium.woff]
[actualmente.com.ar/wp-content/themes/flatsome-child/fonts/GothamRounded-Medium.svg]
[actualmente.com.ar/wp-content/uploads/2023/02/calendar.png]
[actualmente.com.ar/wp-content/uploads/2023/02/clock.png]
[actualmente.com.ar/wp-content/uploads/2023/02/checkedList.png]
[connect.facebook.net/en_US/fbevents2f15.js]
[actualmente.com.ar/wp-content/uploads/2023/02/favicon-2-100x100.png]
[actualmente.com.ar/wp-content/uploads/2023/02/favicon-2.png]
[actualmente.com.ar/wp-content/fonts/lato/S6uyw4BMUTPHjxAwWCWtFCfQ7A.woff]
[actualmente.com.ar/wp-content/fonts/lato/S6uyw4BMUTPHjx4wWCWtFCc.woff]
[actualmente.com.ar/wp-content/fonts/lato/S6u9w4BMUTPHh6UVSwaPHw3q5d0N7w.woff]
[actualmente.com.ar/wp-content/fonts/lato/S6u9w4BMUTPHh6UVSwiPHw3q5d0.woff]
[actualmente.com.ar/wp-content/fonts/dancing-script/If2cXTr6YS-zF4S-kcSWSVi_sxjsohD9F50Ruu7BMSo3Rep6hNX6pmRMjLo.woff]
[actualmente.com.ar/wp-content/fonts/dancing-script/If2cXTr6YS-zF4S-kcSWSVi_sxjsohD9F50Ruu7BMSo3ROp6hNX6pmRMjLo.woff]
[actualmente.com.ar/wp-content/fonts/dancing-script/If2cXTr6YS-zF4S-kcSWSVi_sxjsohD9F50Ruu7BMSo3Sup6hNX6pmRM.woff]
[actualmente.com.ar/wp-content/uploads/2023/01/actualmente-logo.png]
[actualmente.com.ar/wp-content/uploads/2023/03/Diseno-sin-titulo-5.mp4]
[actualmente.com.ar/wp-content/uploads/2023/01/agendaCursos.png]
[actualmente.com.ar/nosotros/index.html]
[actualmente.com.ar/formacion-social-thinking/index.html]
[actualmente.com.ar/prestaciones/index.html]
[actualmente.com.ar/cursos/index.html]
[actualmente.com.ar/libros/index.html]
[actualmente.com.ar/wp-content/uploads/2023/02/graduated.svg]
[actualmente.com.ar/agenda/index.html]
[actualmente.com.ar/wp-content/uploads/2023/02/lupa-2.svg]
[actualmente.com.ar/certificaciones-oficiales/index.html]
[actualmente.com.ar/wp-content/uploads/2023/02/bebe.svg]
[actualmente.com.ar/wp-content/uploads/2023/02/computer.svg]
[actualmente.com.ar/wp-content/uploads/2023/02/foto-left-javier-arnaiz.jpg]
[actualmente.com.ar/wp-content/uploads/2023/02/quote-2.png]
[actualmente.com.ar/wp-content/uploads/2023/01/footerLogo.png]
[actualmente.com.ar/wp-content/uploads/2023/01/facebookFooter.png]
[actualmente.com.ar/wp-content/uploads/2023/01/instagramFooter.png]
[actualmente.com.ar/wp-content/uploads/2023/02/Tea-logo.png]
[actualmente.com.ar/politica-de-privacidad/index.html]
[actualmente.com.ar/wp-content/uploads/2023/02/the-hanen-program-logo.png]
[actualmente.com.ar/wp-content/uploads/2023/02/pyramid-logo.png]
[actualmente.com.ar/wp-content/uploads/2023/02/impact-logo.png]
[actualmente.com.ar/wp-content/uploads/2023/02/fundacion-garraham-logo.png]
[actualmente.com.ar/wp-content/uploads/2023/02/Lovass-foundation.png]
[actualmente.com.ar/wp-content/uploads/2023/02/training-logo.png]
[actualmente.com.ar/wp-content/uploads/2023/02/teacch-autism-program-logo.png]
[actualmente.com.ar/wp-content/uploads/2023/02/pecs-logo.png]
[actualmente.com.ar/wp-content/uploads/2023/02/peers-logo.png]
[actualmente.com.ar/wp-content/uploads/2023/02/esdm-logo-2.png]
[actualmente.com.ar/wp-content/uploads/2023/01/backgroundHome.jpg]
[actualmente.com.ar/wp-includes/js/dist/hooks.min2757.js]
[actualmente.com.ar/wp-includes/js/dist/i18n.minc33c.js]
[actualmente.com.ar/wp-content/plugins/contact-form-7/includes/swv/js/indexe2db.js]
[actualmente.com.ar/wp-content/plugins/contact-form-7/includes/js/indexe2db.js]
[actualmente.com.ar/wp-content/themes/flatsome/inc/extensions/flatsome-live-search/flatsome-live-search9369.js]
[actualmente.com.ar/wp-content/plugins/creame-whatsapp-me/public/js/joinchat.min9738.js]
[actualmente.com.ar/index.html]
[www.googletagmanager.com/gtm5445.html]
[actualmente.com.ar/xmlrpc.html]
[actualmente.com.ar/wp-content/plugins/contact-form-7/includes/css/stylese2db.css]
[actualmente.com.ar/wp-content/plugins/creame-whatsapp-me/public/css/joinchat.min9738.css]
[actualmente.com.ar/wp-includes/js/hoverIntent.min3e5a.js]
[actualmente.com.ar/wp-content/themes/flatsome/assets/img/shadow@2x.png]
[actualmente.com.ar/wp-content/themes/flatsome/assets/img/underline.png]
[actualmente.com.ar/wp-content/themes/flatsome/assets/css/flatsome9369.css]
[actualmente.com.ar/wp-content/themes/flatsome/assets/css/icons/fl-icons4136.svg]
[actualmente.com.ar/wp-content/themes/flatsome-child/style6aec.css]
[actualmente.com.ar/wp-content/plugins/mailin/img/flags/fr.png]
[actualmente.com.ar/wp-content/plugins/mailin/img/flags/ad.png]
[actualmente.com.ar/wp-content/plugins/mailin/css/mailin-frontb6a4.css]
[actualmente.com.ar/xmlrpc0db0.html]
[actualmente.com.ar/wp-content/themes/flatsome-child/fonts/GothamRounded-Bold.svg]
[actualmente.com.ar/wp-content/themes/flatsome-child/fonts/GothamRounded-Book.svg]
[actualmente.com.ar/wp-content/themes/flatsome-child/fonts/GothamRounded-Light.svg]
[actualmente.com.ar/wp-content/themes/flatsome-child/fonts/GothamRounded-Medium.svg]
[actualmente.com.ar/POST]
[actualmente.com.ar/b.resolvedLink]
[actualmente.com.ar/schema.org/index.html]
[actualmente.com.ar/signals/iwl.js]
[connect.facebook.net/en_US/fbevents2f15.js]
[actualmente.com.ar/wp-json/wp/v2/pages/2280.json]
[actualmente.com.ar/wp-content/uploads/2023/02/licenciada.png]
[actualmente.com.ar/wp-content/uploads/2023/02/back-nosotros.jpg]
[actualmente.com.ar/wp-content/uploads/2023/02/silvia-avatar.png]
[actualmente.com.ar/nosotros/index.html]
[actualmente.com.ar/wp-json/wp/v2/pages/2467.json]
[actualmente.com.ar/wp-content/uploads/2024/02/images.png]
[actualmente.com.ar/wp-content/uploads/2024/02/pexels-antonius-ferret-5278977.webp]
[actualmente.com.ar/wp-content/uploads/2024/02/iconnn-300x300.png]
[actualmente.com.ar/wp-content/uploads/2024/02/icon-2-252x300.png]
[actualmente.com.ar/wp-content/uploads/2024/02/icon3-300x291.png]
[actualmente.com.ar/wp-content/uploads/2024/02/ICON4-300x291.png]
[actualmente.com.ar/wp-content/uploads/2024/02/icon5-300x291.png]
[actualmente.com.ar/wp-content/uploads/2024/03/ST-NUEVO-1024x1024.png]
[actualmente.com.ar/wp-content/uploads/2024/08/INFO-Curso-Social-Thinking.pdf]
[actualmente.com.ar/wp-content/uploads/2024/08/Nancy-Clements.webp]
[actualmente.com.ar/formacion-social-thinking/index.html]
[actualmente.com.ar/wp-content/themes/flatsome/assets/css/effects9369.css]
[actualmente.com.ar/wp-content/themes/flatsome/assets/js/woocommerce201f.js]
[actualmente.com.ar/wp-content/themes/flatsome/assets/css/flatsome-shop9369.css]
[actualmente.com.ar/wp-content/plugins/woocommerce/assets/js/jquery-blockui/jquery.blockUI.mina7df.js]
[actualmente.com.ar/wp-content/plugins/woocommerce/assets/js/frontend/add-to-cart.minc60b.js]
[actualmente.com.ar/wp-content/plugins/woocommerce/assets/js/js-cookie/js.cookie.mine91a.js]
[actualmente.com.ar/cursos/feed/index.html]
[actualmente.com.ar/wp-content/plugins/woocommerce/assets/fonts/Inter-VariableFont_slnt,wght.woff2]
[actualmente.com.ar/wp-content/plugins/woocommerce/assets/fonts/cardo_normal_400.woff2]
[actualmente.com.ar/wp-content/uploads/2024/03/PECS-1-600x600.png]
[actualmente.com.ar/cursos/index33b1.html]
[actualmente.com.ar/wp-content/uploads/2024/05/ados-2-noviembre-600x600.png]
[actualmente.com.ar/wp-content/uploads/2024/03/Curso-NDBI-Introductorio-600x600.jpg]
[actualmente.com.ar/wp-content/uploads/2024/02/TEACCH_Mesa-de-trabajo-1-copia-5-600x600.png]
[actualmente.com.ar/wp-content/uploads/2024/07/FORMACION-ADIR-600x600.png]
[actualmente.com.ar/wp-loginc2b6.html]
[actualmente.com.ar/wp-content/plugins/woocommerce/assets/client/blocks/wc-blockse2cc.css]
[actualmente.com.ar/wp-content/plugins/woocommerce/assets/js/frontend/woocommerce.minc60b.js]
[actualmente.com.ar/wp-content/plugins/woocommerce/assets/js/sourcebuster/sourcebuster.minc60b.js]
[actualmente.com.ar/wp-content/plugins/woocommerce/assets/js/frontend/order-attribution.minc60b.js]
[actualmente.com.ar/wp-includes/js/zxcvbn-async.min5152.js]
[actualmente.com.ar/wp-admin/js/password-strength-meter.minb6a4.js]
[actualmente.com.ar/cursos/index.html]
[actualmente.com.ar/wp-content/plugins/woocommerce/assets/js/frontend/password-strength-meter.minc60b.js]
[actualmente.com.ar/wp-json/wp/v2/pages/12.json]
[actualmente.com.ar/wp-content/uploads/2023/02/cursos-autismo-zoom.jpg]
[actualmente.com.ar/wp-content/uploads/2023/03/ados.jpg]
[actualmente.com.ar/wp-content/uploads/2023/02/cursos-ados-tedesco-1.jpg]
[actualmente.com.ar/wp-content/uploads/2023/03/merril-palmer-prestaciones.jpg]
[actualmente.com.ar/wp-content/uploads/2023/02/silvia-tedesco.jpg]
[actualmente.com.ar/wp-content/uploads/2023/03/formaciones-cursos-autosmo.jpg]
[actualmente.com.ar/wp-content/uploads/2023/02/prestaciones-autismo-6.jpg]
[actualmente.com.ar/wp-content/uploads/2023/02/prestaciones-autismo-9-1.jpg]
[actualmente.com.ar/prestaciones/index.html]
[actualmente.com.ar/wp-json/wp/v2/pages/1870.json]
[actualmente.com.ar/wp-content/uploads/2023/02/Autismo-con-discapacidad-intelectua-grave.jpg]
[actualmente.com.ar/wp-content/uploads/2023/02/Percepcion-Sensorial-Autismo-Sindrome-Asperger.jpg]
[actualmente.com.ar/wp-content/uploads/2023/02/El-Modelo-Denver-atencion-temprana-educacion-Infantil.jpg]
[actualmente.com.ar/wp-content/uploads/2023/02/El-acceso-curriculo-alumnado-Trastornos-del-Espectro-Autismop.jpg]
[actualmente.com.ar/wp-content/uploads/2023/02/Autismo-comprension-teorica-intervencion-educativa.jpg]
[actualmente.com.ar/wp-content/uploads/2023/02/Comunicacion-social-para-ninos-con-autismo-dificultades-del-desarrollo.jpg]
[actualmente.com.ar/wp-content/uploads/2023/02/atencion-temprana-ninos-autismo-libro-1.jpg]
[actualmente.com.ar/wp-content/uploads/2023/02/modelo-denver-atencion-temprana-libro-1.jpg]
[actualmente.com.ar/wp-content/uploads/2023/02/comunicacion-social-libro-autismo-1.jpg]
[actualmente.com.ar/wp-content/uploads/2023/02/social-detective.jpg]
[actualmente.com.ar/wp-content/uploads/2023/02/fichas-de-comportamiento-social.jpg]
[actualmente.com.ar/wp-content/uploads/2023/02/que-puedo-hacer-cuendo-estallo.jpg]
[actualmente.com.ar/wp-content/uploads/2023/02/la-enfermedad-mental.jpg]
[actualmente.com.ar/wp-content/uploads/2023/02/vencer-mis-manias.jpg]
[actualmente.com.ar/wp-content/uploads/2023/02/miedo-ir-a-la-cama.jpg]
[actualmente.com.ar/wp-content/uploads/2023/02/me-obsesiono-demasiado.jpg]
[actualmente.com.ar/wp-content/uploads/2023/02/refunfuno-demasiado-libro.jpg]
[actualmente.com.ar/wp-content/uploads/2023/02/que-puedo-hacer-algo-no-es-justo.jpg]
[actualmente.com.ar/wp-content/uploads/2023/02/adir.jpg]
[actualmente.com.ar/wp-content/uploads/2023/02/ados-2.jpg]
[actualmente.com.ar/wp-content/uploads/2023/02/MR-P.jpg]
[actualmente.com.ar/wp-content/uploads/2023/03/mujeres-y-autismo.jpg]
[actualmente.com.ar/wp-content/uploads/2023/03/el-gato-valiente-libro.jpg]
[actualmente.com.ar/wp-content/uploads/2023/03/eres-un-detective-social.jpg]
[actualmente.com.ar/libros/index.html]
[actualmente.com.ar/wp-json/wp/v2/pages/245.json]
[actualmente.com.ar/wp-json/oembed/1.0/embed2aea.json]
[actualmente.com.ar/wp-json/oembed/1.0/embed9026]
[actualmente.com.ar/wp-content/uploads/2024/03/PECS-1.png]
[actualmente.com.ar/wp-content/uploads/2024/05/ados-2-noviembre.png]
[actualmente.com.ar/wp-content/uploads/2024/03/Curso-NDBI-Introductorio.jpg]
[actualmente.com.ar/wp-content/uploads/2024/02/TEACCH_Mesa-de-trabajo-1-copia-5.png]
[actualmente.com.ar/wp-content/uploads/2024/07/FORMACION-ADIR.png]
[actualmente.com.ar/agenda/index.html]
[actualmente.com.ar/wp-content/uploads/2023/02/graduated.svg]
[actualmente.com.ar/certificaciones-oficiales/index.html]
[actualmente.com.ar/wp-content/uploads/2023/02/lupa-2.svg]
[actualmente.com.ar/wp-content/uploads/2023/02/bebe.svg]
[actualmente.com.ar/wp-content/uploads/2023/02/computer.svg]
[actualmente.com.ar/wp-json/wp/v2/pages/2247.json]
[actualmente.com.ar/politica-de-privacidad/index.html]
[actualmente.com.ar/POST.html]
[actualmente.com.ar/schema.org/index.html]
[actualmente.com.ar/b.html]
[actualmente.com.ar/signals/iwl.html]
[actualmente.com.ar/indexc13a.html]
[actualmente.com.ar/indexb645.html]
[actualmente.com.ar/wp-json/wp/v2/pages/2622.json]
[actualmente.com.ar/wp-content/themes/flatsome/assets/img/effects/rain.png]
[actualmente.com.ar/wp-content/themes/flatsome/assets/img/effects/sparkle1.png]
[actualmente.com.ar/wp-content/themes/flatsome/assets/img/effects/sparkle2.png]
[actualmente.com.ar/wp-content/themes/flatsome/assets/img/effects/glass1.png]
[actualmente.com.ar/wp-content/themes/flatsome/assets/img/effects/glass2.png]
[actualmente.com.ar/wp-content/themes/flatsome/assets/img/effects/confetti1.png]
[actualmente.com.ar/wp-content/themes/flatsome/assets/img/effects/confetti2.png]
[actualmente.com.ar/wp-content/themes/flatsome/assets/img/effects/snow1.png]
[actualmente.com.ar/wp-content/themes/flatsome/assets/img/effects/snow2.png]
[actualmente.com.ar/wp-content/themes/flatsome/assets/css/effects9369.css]
[actualmente.com.ar/wp-content/themes/flatsome/assets/css/flatsome-shop9369.css]
[actualmente.com.ar/wp-content/uploads/2023/02/Merril-palmer-23-y-24-febrero-600x600.jpg]
[actualmente.com.ar/wp-content/uploads/2023/01/primeras-intervenciones-en-tea-600x600.jpg]
[actualmente.com.ar/wp-content/uploads/2023/02/impact-introductorio-600x600.jpg]
[actualmente.com.ar/wp-content/uploads/2023/02/modulo-para-ninos-pequenos-ADOS-2-600x600.jpg]
[actualmente.com.ar/wp-content/uploads/2023/02/Ninas-adolescentes-y-mujeres-22-y-23-de-abril--600x600.png]
[actualmente.com.ar/wp-content/uploads/2023/02/impact-avanzado-1-al-4-may-600x600.png]
[actualmente.com.ar/wp-content/uploads/2023/02/Actualizacion-ADI-R-600x600.png]
[actualmente.com.ar/wp-content/uploads/2023/02/Actualizacion-Ados2-600x600.png]
[actualmente.com.ar/wp-content/uploads/2023/07/FLYER-FEED-2023-07-03T090928.155-600x600.png]
[actualmente.com.ar/wp-content/uploads/2023/07/post-foto-81-600x600.png]
[actualmente.com.ar/wp-content/uploads/2023/02/selectividadAlimentaria-600x600.png]
[actualmente.com.ar/wp-content/uploads/2023/02/FLYER-FEED-600x600.jpg]
[actualmente.com.ar/wp-content/uploads/2023/02/charla-gratuita-600x600.jpg]
[actualmente.com.ar/wp-content/uploads/2023/07/FLYER-FEED-2023-07-06T163053.222-600x600.png]
[actualmente.com.ar/wp-content/uploads/2023/07/FLYER-FEED-2023-07-06T162255.307-600x600.png]
[actualmente.com.ar/wp-content/uploads/2023/02/FLYER-FEED-1-600x600.jpg]
[actualmente.com.ar/wp-content/uploads/2023/06/FLYER-FEED-2-600x600.jpg]
[actualmente.com.ar/wp-content/uploads/2023/02/Uso-de-ADOS-ADIR-600x600.jpg]
[actualmente.com.ar/wp-content/uploads/2023/07/FLYER-FEED-2023-07-03T092620.790-600x600.png]
[actualmente.com.ar/wp-content/uploads/2023/07/FLYER-FEED-2023-07-03T094126.637-600x600.png]
[actualmente.com.ar/wp-content/uploads/2023/07/post-foto-82-600x600.png]
[actualmente.com.ar/producto/certificacion-oficial-ados/index.html]
[actualmente.com.ar/wp-content/uploads/2023/02/juego-primeras-intervenciones-tea-2-600x600.jpg]
[actualmente.com.ar/wp-content/uploads/2023/07/FLYER-FEED-2023-07-03T095356.389-600x600.png]
[actualmente.com.ar/wp-content/uploads/2024/03/IMPACT-introductorio-600x600.png]
[actualmente.com.ar/wp-content/uploads/2024/02/abril-1-600x600.png]
[actualmente.com.ar/wp-content/uploads/2024/02/ADOS-FINL-600x600.png]
[actualmente.com.ar/wp-content/uploads/2024/03/FEED-IMPACT-600x600.png]
[actualmente.com.ar/wp-content/uploads/2024/03/ac-25-mayo-600x600.png]
[actualmente.com.ar/wp-content/uploads/2024/03/acc-actualizacion-adir-600x600.png]
[actualmente.com.ar/wp-content/uploads/2024/02/JUNIO-ADOLFO-600x600.png]
[actualmente.com.ar/wp-content/uploads/2024/02/ESDM-600x600.png]
[actualmente.com.ar/wp-content/uploads/2024/02/ABA-FUNCIONAL_Mesa-de-trabajo-1-600x600.png]
[actualmente.com.ar/wp-content/uploads/2024/02/AA-600x600.png]
[actualmente.com.ar/wp-content/uploads/2024/03/ST-NUEVO-600x600.png]
[actualmente.com.ar/wp-content/uploads/2024/03/sil-2-600x600.png]
[actualmente.com.ar/cursos/index33b1.html]
[actualmente.com.ar/producto/pecs-nivel-1/index.html]
[actualmente.com.ar/producto/ados-2-noviembre/index.html]
[actualmente.com.ar/producto/social-thinking/index.html]
[actualmente.com.ar/producto/escalas-de-desarrollo-merrill-palmer-tea-ediciones/index.html]
[actualmente.com.ar/producto/intervenciones-conductuales-de-desarrollo-naturalistas-ndbi-avanzado/index.html]
[actualmente.com.ar/producto/teachh-enfocado-en-ninos-entre-3-y-5-anos/index.html]
[actualmente.com.ar/producto/adi-r/index.html]
[actualmente.com.ar/wp-content/mu-plugins/force-strong-passwords/force-zxcvbn.minee8b.js]
[actualmente.com.ar/wp-content/mu-plugins/force-strong-passwords/js-admin.minee8b.js]
[actualmente.com.ar/wp-includes/css/dashicons.minb6a4.css]
[actualmente.com.ar/wp-includes/css/buttons.minb6a4.css]
[actualmente.com.ar/wp-admin/css/forms.minb6a4.css]
[actualmente.com.ar/wp-admin/css/l10n.minb6a4.css]
[actualmente.com.ar/wp-admin/css/login.minb6a4.css]
[actualmente.com.ar/wp-loginc2b6.html]
[actualmente.com.ar/wp-content/plugins/woocommerce/assets/client/blocks/wc-blockse2cc.css]
[actualmente.com.ar/index678b.html]
[actualmente.com.ar/index73a5.html]
[actualmente.com.ar/indexe1a1.html]
[actualmente.com.ar/index57b6.html]
[actualmente.com.ar/indexaaad.html]
[actualmente.com.ar/producto/escala-de-desarrollo-infantil-merrill-palmer-r/index.html]
[actualmente.com.ar/producto/primeras-intervenciones-en-tea/index.html]
[actualmente.com.ar/producto/impact-improving-parents-as-communication-teachers/index.html]
[actualmente.com.ar/producto/introduccion-al-modulo-para-ninos-pequenos-de-ados-2/index.html]
[actualmente.com.ar/producto/ninas-adolescentes-y-mujeres-con-tea/index.html]
[actualmente.com.ar/producto/impact-avanzado-improving-parents-as-communication-teachers/index.html]
[actualmente.com.ar/producto/actualizacion-y-revision-del-adi-r/index.html]
[actualmente.com.ar/producto/actualizacion-y-revision-del-ados-2/index.html]
[actualmente.com.ar/producto/taller-avanzado-de-esdm/index.html]
[actualmente.com.ar/producto/morethanwords-the-hanen-program/index.html]
[actualmente.com.ar/producto/selectividad-alimentaria-evaluacion-y-tratamiento/index.html]
[actualmente.com.ar/producto/teacch-autism-program-oficial/index.html]
[actualmente.com.ar/producto/charla-gratuita-libros-terapeuticos-infantiles-que-puedo-hacer/index.html]
[actualmente.com.ar/producto/intervencion-en-autismo-mas-alla-de-la-terapia-ocupacional/index.html]
[actualmente.com.ar/producto/esdm/index.html]
[actualmente.com.ar/producto/9-habilidades-de-la-comunicacion-criticas/index.html]
[actualmente.com.ar/wp-login.html]
[actualmente.com.ar/wp-content/plugins/woocommerce/assets/css/photoswipe/photoswipe.minc60b.css]
[actualmente.com.ar/wp-content/plugins/woocommerce/assets/css/photoswipe/default-skin/default-skin.minc60b.css]
[actualmente.com.ar/wp-content/plugins/woocommerce/assets/js/photoswipe/photoswipe.min46e8.js]
[actualmente.com.ar/wp-content/plugins/woocommerce/assets/js/photoswipe/photoswipe-ui-default.min46e8.js]
[actualmente.com.ar/wp-content/plugins/woocommerce/assets/js/frontend/single-product.minc60b.js]
[actualmente.com.ar/wp-json/wp/v2/product/2379]
[actualmente.com.ar/wp-json/oembed/1.0/embedf12a.json]
[actualmente.com.ar/index0047.html]
[actualmente.com.ar/wp-json/oembed/1.0/embed4856]
[actualmente.com.ar/wp-content/uploads/2023/06/FLYER-FEED-2.jpg]
[actualmente.com.ar/wp-content/uploads/2023/06/FLYER-FEED-3.jpg]
[actualmente.com.ar/wp-content/uploads/2023/06/FLYER-FEED-3-300x300.jpg]
[actualmente.com.ar/producto/certificacion-oficial-ados/index.html]
[actualmente.com.ar/producto/uso-de-ados-y-adir-para-comprender-la-comunicacion-infantil/index.html]
[actualmente.com.ar/producto/peers-for-adolescents-school-based/index.html]
[actualmente.com.ar/producto/capacitacion-de-ndbi/index.html]
[actualmente.com.ar/producto/de-la-adolescencia-a-la-adultez/index.html]
[actualmente.com.ar/producto/juego-primeras-intervenciones-en-tea/index.html]
[actualmente.com.ar/producto/aba/index.html]
[actualmente.com.ar/producto/impact-introductorio/index.html]
[actualmente.com.ar/producto/estrategias-de-afrontamiento-para-padres/index.html]
[actualmente.com.ar/producto/ados-2-autism-diagnostic-observational-schedule/index.html]
[actualmente.com.ar/producto/impact-avanzado-improving-parents-as-communication-teachers-2/index.html]
[actualmente.com.ar/producto/actualizacion-ados-2/index.html]
[actualmente.com.ar/producto/actualizacion-adi-r/index.html]
[actualmente.com.ar/producto/trastornos-del-espectro-autista-y-comorbilidad-la-mirada-del-psiquiatra/index.html]
[actualmente.com.ar/producto/esdm-taller-avanzado/index.html]
[actualmente.com.ar/producto/aba-funcional-enfoque-pyramid/index.html]
[actualmente.com.ar/producto/el-rechazo-para-alimentarse-y-la-selectividad-alimentaria-en-el-nino-evaluacion-y-tratamiento/index.html]
[actualmente.com.ar/wp-json/wp/v2/product/2568]
[actualmente.com.ar/wp-json/oembed/1.0/embedea76.json]
[actualmente.com.ar/index6e27.html]
[actualmente.com.ar/wp-json/oembed/1.0/embed780e]
[actualmente.com.ar/wp-content/uploads/2024/03/ST-NUEVO.png]
[actualmente.com.ar/wp-content/uploads/2024/03/ST-NUEVO-1080x1080.png]
[actualmente.com.ar/producto/social-thinking/index.html]
[actualmente.com.ar/wp-json/wp/v2/product/2581]
[actualmente.com.ar/wp-json/oembed/1.0/embedcbb1.json]
[actualmente.com.ar/index2973.html]
[actualmente.com.ar/wp-json/oembed/1.0/embedf2cd]
[actualmente.com.ar/wp-content/uploads/2024/03/sil-2.png]
[actualmente.com.ar/wp-content/uploads/2024/03/sil-2-1080x1080.png]
[actualmente.com.ar/producto/escalas-de-desarrollo-merrill-palmer-tea-ediciones/index.html]
[actualmente.com.ar/wp-includes/fonts/dashicons7d4b.eot]
[actualmente.com.ar/wp-includes/fonts/dashicons7d4b.ttf]
[actualmente.com.ar/wp-includes/css/dashicons.minb6a4.css]
[actualmente.com.ar/wp-includes/css/buttons.minb6a4.css]
[actualmente.com.ar/wp-admin/images/loading.gif]
[actualmente.com.ar/wp-admin/css/forms.minb6a4.css]
[actualmente.com.ar/wp-admin/css/l10n.minb6a4.css]
[actualmente.com.ar/wp-admin/images/w-logo-blue7a53.png]
[actualmente.com.ar/wp-admin/css/login.minb6a4.css]
[actualmente.com.ar/wp-admin/images/wordpress-logo7d6b.svg]
[actualmente.com.ar/wp-includes/js/underscore.mind584.js]
[actualmente.com.ar/wp-includes/js/wp-util.minb6a4.js]
[actualmente.com.ar/wp-login.html]
[actualmente.com.ar/wp-admin/js/user-profile.minb6a4.js]
[actualmente.com.ar/wp-content/plugins/woocommerce/assets/css/photoswipe/default-skin/default-skin.png]
[actualmente.com.ar/wp-content/plugins/woocommerce/assets/css/photoswipe/photoswipe.minc60b.css]
[actualmente.com.ar/wp-content/plugins/woocommerce/assets/css/photoswipe/default-skin/default-skin.svg]
[actualmente.com.ar/wp-content/plugins/woocommerce/assets/css/photoswipe/default-skin/preloader.gif]
[actualmente.com.ar/wp-content/plugins/woocommerce/assets/css/photoswipe/default-skin/default-skin.minc60b.css]
[actualmente.com.ar/wp-json/wp/v2/product/2379.json]
[actualmente.com.ar/index0047.html]
[actualmente.com.ar/categoria-producto/virtual-zoom/index.html]
[actualmente.com.ar/wp-json/wp/v2/product/2568.json]
[actualmente.com.ar/index6e27.html]
[actualmente.com.ar/wp-json/wp/v2/product/2581.json]
[actualmente.com.ar/index2973.html]
[actualmente.com.ar/wp-admin/images/wordpress-logo7d6b.svg]
[actualmente.com.ar/wp-content/plugins/woocommerce/assets/css/photoswipe/default-skin/default-skin.svg]
